\BOOKMARK [0][-]{chapter.1}{\376\377\000I\000n\000t\000r\000o\000d\000u\000c\000t\000i\000o\000n\000\040\000a\000n\000d\000\040\000B\000a\000c\000k\000g\000r\000o\000u\000n\000d\000\040\000R\000e\000s\000e\000a\000r\000c\000h}{}% 1
\BOOKMARK [1][-]{section.1.1}{\376\377\000P\000r\000o\000j\000e\000c\000t\000\040\000A\000i\000m}{chapter.1}% 2
\BOOKMARK [1][-]{section.1.2}{\376\377\000I\000n\000t\000r\000o\000d\000u\000c\000t\000i\000o\000n\000\040\000t\000o\000\040\000N\000o\000n\000a\000g\000a\000\040\000a\000n\000d\000\040\000t\000h\000e\000\040\000C\000o\000m\000p\000u\000t\000a\000t\000i\000o\000n\000a\000l\000\040\000P\000r\000o\000b\000l\000e\000m}{chapter.1}% 3
\BOOKMARK [2][-]{subsection.1.2.1}{\376\377\000W\000h\000a\000t\000\040\000i\000s\000\040\000N\000o\000n\000a\000g\000a\000?}{section.1.2}% 4
\BOOKMARK [1][-]{section.1.3}{\376\377\000B\000o\000a\000r\000d\000\040\000S\000t\000a\000t\000e\000\040\000R\000e\000p\000r\000e\000s\000e\000n\000t\000a\000t\000i\000o\000n}{chapter.1}% 5
\BOOKMARK [2][-]{subsection.1.3.1}{\376\377\000H\000e\000x\000a\000g\000o\000n\000a\000l\000\040\000C\000o\000o\000r\000d\000i\000n\000a\000t\000e\000\040\000S\000y\000s\000t\000e\000m\000s}{section.1.3}% 6
\BOOKMARK [2][-]{subsection.1.3.2}{\376\377\000O\000b\000j\000e\000c\000t\000-\000O\000r\000i\000e\000n\000t\000e\000d\000\040\000R\000e\000p\000r\000e\000s\000e\000n\000t\000a\000t\000i\000o\000n}{section.1.3}% 7
\BOOKMARK [2][-]{subsection.1.3.3}{\376\377\000B\000i\000t\000b\000o\000a\000r\000d\000\040\000R\000e\000p\000r\000e\000s\000e\000n\000t\000a\000t\000i\000o\000n}{section.1.3}% 8
\BOOKMARK [1][-]{section.1.4}{\376\377\000A\000d\000v\000e\000r\000s\000a\000r\000i\000a\000l\000\040\000S\000e\000a\000r\000c\000h}{chapter.1}% 9
\BOOKMARK [2][-]{subsection.1.4.1}{\376\377\000M\000o\000n\000t\000e\000\040\000C\000a\000r\000l\000o\000\040\000T\000r\000e\000e\000\040\000S\000e\000a\000r\000c\000h}{section.1.4}% 10
\BOOKMARK [2][-]{subsection.1.4.2}{\376\377\000M\000i\000n\000i\000m\000a\000x}{section.1.4}% 11
\BOOKMARK [1][-]{section.1.5}{\376\377\000H\000e\000u\000r\000i\000s\000t\000i\000c\000\040\000E\000v\000a\000l\000u\000a\000t\000i\000o\000n\000\040\000a\000n\000d\000\040\000P\000a\000r\000a\000m\000e\000t\000e\000r\000\040\000O\000p\000t\000i\000m\000i\000z\000a\000t\000i\000o\000n}{chapter.1}% 12
\BOOKMARK [2][-]{subsection.1.5.1}{\376\377\000A\000u\000t\000o\000m\000a\000t\000e\000d\000\040\000P\000a\000r\000a\000m\000e\000t\000e\000r\000\040\000T\000u\000n\000i\000n\000g}{section.1.5}% 13
\BOOKMARK [0][-]{chapter.2}{\376\377\000M\000e\000t\000h\000o\000d\000o\000l\000o\000g\000y}{}% 14
\BOOKMARK [1][-]{section.2.1}{\376\377\000C\000o\000r\000e\000\040\000E\000n\000g\000i\000n\000e\000\040\000D\000e\000s\000i\000g\000n\000:\000\040\000R\000e\000p\000r\000e\000s\000e\000n\000t\000a\000t\000i\000o\000n\000\040\000a\000n\000d\000\040\000C\000o\000m\000p\000u\000t\000a\000t\000i\000o\000n}{chapter.2}% 15
\BOOKMARK [2][-]{subsection.2.1.1}{\376\377\000B\000o\000a\000r\000d\000\040\000S\000t\000a\000t\000e\000\040\000R\000e\000p\000r\000e\000s\000e\000n\000t\000a\000t\000i\000o\000n}{section.2.1}% 16
\BOOKMARK [1][-]{section.2.2}{\376\377\000A\000r\000t\000i\000f\000i\000c\000i\000a\000l\000\040\000I\000n\000t\000e\000l\000l\000i\000g\000e\000n\000c\000e\000\040\000a\000n\000d\000\040\000S\000e\000a\000r\000c\000h\000\040\000S\000t\000r\000a\000t\000e\000g\000y}{chapter.2}% 17
\BOOKMARK [2][-]{subsection.2.2.1}{\376\377\000A\000d\000v\000e\000r\000s\000a\000r\000i\000a\000l\000\040\000S\000e\000a\000r\000c\000h\000\040\000A\000l\000g\000o\000r\000i\000t\000h\000m}{section.2.2}% 18
\BOOKMARK [2][-]{subsection.2.2.2}{\376\377\000E\000v\000a\000l\000u\000a\000t\000i\000o\000n\000\040\000F\000u\000n\000c\000t\000i\000o\000n}{section.2.2}% 19
\BOOKMARK [1][-]{section.2.3}{\376\377\000E\000v\000a\000l\000u\000a\000t\000i\000o\000n\000\040\000F\000u\000n\000c\000t\000i\000o\000n\000\040\000O\000p\000t\000i\000m\000i\000z\000a\000t\000i\000o\000n}{chapter.2}% 20
\BOOKMARK [2][-]{subsection.2.3.1}{\376\377\000G\000A\000\040\000F\000r\000a\000m\000e\000w\000o\000r\000k\000\040\000D\000e\000s\000i\000g\000n\000\040\000a\000n\000d\000\040\000O\000p\000e\000r\000a\000t\000o\000r\000\040\000S\000e\000l\000e\000c\000t\000i\000o\000n}{section.2.3}% 21
\BOOKMARK [1][-]{section.2.4}{\376\377\000S\000y\000s\000t\000e\000m\000\040\000A\000r\000c\000h\000i\000t\000e\000c\000t\000u\000r\000e\000\040\000a\000n\000d\000\040\000T\000e\000c\000h\000n\000o\000l\000o\000g\000y\000\040\000S\000t\000a\000c\000k}{chapter.2}% 22
\BOOKMARK [2][-]{subsection.2.4.1}{\376\377\000L\000a\000n\000g\000u\000a\000g\000e\000\040\000S\000e\000l\000e\000c\000t\000i\000o\000n\000\040\000a\000n\000d\000\040\000H\000y\000b\000r\000i\000d\000\040\000I\000n\000t\000e\000g\000r\000a\000t\000i\000o\000n}{section.2.4}% 23
\BOOKMARK [1][-]{section.2.5}{\376\377\000P\000r\000o\000j\000e\000c\000t\000\040\000M\000a\000n\000a\000g\000e\000m\000e\000n\000t}{chapter.2}% 24
\BOOKMARK [2][-]{subsection.2.5.1}{\376\377\000I\000t\000e\000r\000a\000t\000i\000v\000e\000\040\000D\000e\000v\000e\000l\000o\000p\000m\000e\000n\000t\000\040\000P\000h\000a\000s\000e\000s}{section.2.5}% 25
\BOOKMARK [2][-]{subsection.2.5.2}{\376\377\000S\000c\000o\000p\000e\000\040\000M\000a\000n\000a\000g\000e\000m\000e\000n\000t}{section.2.5}% 26
\BOOKMARK [0][-]{chapter.3}{\376\377\000I\000m\000p\000l\000e\000m\000e\000n\000t\000a\000t\000i\000o\000n\000\040\000a\000n\000d\000\040\000V\000a\000l\000i\000d\000a\000t\000i\000o\000n}{}% 27
\BOOKMARK [1][-]{section.3.1}{\376\377\000T\000h\000e\000\040\000H\000i\000g\000h\000-\000P\000e\000r\000f\000o\000r\000m\000a\000n\000c\000e\000\040\000G\000a\000m\000e\000\040\000E\000n\000g\000i\000n\000e\000\040\000\050\000C\000/\000C\000y\000t\000h\000o\000n\000\051}{chapter.3}% 28
\BOOKMARK [2][-]{subsection.3.1.1}{\376\377\000C\000o\000o\000r\000d\000i\000n\000a\000t\000e\000\040\000S\000y\000s\000t\000e\000m}{section.3.1}% 29
\BOOKMARK [2][-]{subsection.3.1.2}{\376\377\000B\000i\000t\000b\000o\000a\000r\000d\000\040\000R\000e\000p\000r\000e\000s\000e\000n\000t\000a\000t\000i\000o\000n\000:\000\040\000M\000e\000m\000o\000r\000y\000\040\000a\000n\000d\000\040\000A\000r\000c\000h\000i\000t\000e\000c\000t\000u\000r\000e}{section.3.1}% 30
\BOOKMARK [2][-]{subsection.3.1.3}{\376\377\000O\000p\000t\000i\000m\000i\000z\000e\000d\000\040\000M\000o\000v\000e\000\040\000G\000e\000n\000e\000r\000a\000t\000i\000o\000n\000\040\000A\000l\000g\000o\000r\000i\000t\000h\000m\000s}{section.3.1}% 31
\BOOKMARK [1][-]{section.3.2}{\376\377\000A\000I\000\040\000a\000n\000d\000\040\000S\000e\000a\000r\000c\000h\000\040\000I\000m\000p\000l\000e\000m\000e\000n\000t\000a\000t\000i\000o\000n}{chapter.3}% 32
\BOOKMARK [2][-]{subsection.3.2.1}{\376\377\000Z\000o\000b\000r\000i\000s\000t\000\040\000H\000a\000s\000h\000i\000n\000g\000\040\000f\000o\000r\000\040\000T\000r\000a\000n\000s\000p\000o\000s\000i\000t\000i\000o\000n\000\040\000T\000a\000b\000l\000e}{section.3.2}% 33
\BOOKMARK [2][-]{subsection.3.2.2}{\376\377\000T\000r\000a\000n\000s\000p\000o\000s\000i\000t\000i\000o\000n\000\040\000T\000a\000b\000l\000e\000\040\000I\000n\000t\000e\000g\000r\000a\000t\000i\000o\000n\000\040\000a\000n\000d\000\040\000B\000e\000s\000t\000\040\000M\000o\000v\000e\000\040\000O\000r\000d\000e\000r\000i\000n\000g}{section.3.2}% 34
\BOOKMARK [2][-]{subsection.3.2.3}{\376\377\000P\000a\000r\000a\000m\000e\000t\000e\000r\000i\000z\000e\000d\000\040\000E\000v\000a\000l\000u\000a\000t\000i\000o\000n\000\040\000F\000u\000n\000c\000t\000i\000o\000n}{section.3.2}% 35
\BOOKMARK [1][-]{section.3.3}{\376\377\000T\000h\000e\000\040\000G\000e\000n\000e\000t\000i\000c\000\040\000A\000l\000g\000o\000r\000i\000t\000h\000m\000\040\000F\000r\000a\000m\000e\000w\000o\000r\000k}{chapter.3}% 36
\BOOKMARK [2][-]{subsection.3.3.1}{\376\377\000G\000A\000\040\000A\000r\000c\000h\000i\000t\000e\000c\000t\000u\000r\000e\000\040\000a\000n\000d\000\040\000E\000n\000c\000o\000d\000i\000n\000g}{section.3.3}% 37
\BOOKMARK [2][-]{subsection.3.3.2}{\376\377\000F\000i\000t\000n\000e\000s\000s\000\040\000E\000v\000a\000l\000u\000a\000t\000i\000o\000n\000\040\000v\000i\000a\000\040\000T\000o\000u\000r\000n\000a\000m\000e\000n\000t\000s}{section.3.3}% 38
\BOOKMARK [2][-]{subsection.3.3.3}{\376\377\000S\000e\000l\000e\000c\000t\000i\000o\000n\000,\000\040\000C\000r\000o\000s\000s\000o\000v\000e\000r\000,\000\040\000a\000n\000d\000\040\000M\000u\000t\000a\000t\000i\000o\000n\000\040\000O\000p\000e\000r\000a\000t\000o\000r\000s}{section.3.3}% 39
\BOOKMARK [1][-]{section.3.4}{\376\377\000T\000e\000s\000t\000i\000n\000g\000\040\000A\000p\000p\000r\000o\000a\000c\000h\000e\000s}{chapter.3}% 40
\BOOKMARK [2][-]{subsection.3.4.1}{\376\377\000M\000a\000n\000u\000a\000l\000\040\000S\000t\000a\000t\000e\000\040\000V\000e\000r\000i\000f\000i\000c\000a\000t\000i\000o\000n\000\040\000v\000i\000a\000\040\000C\000u\000s\000t\000o\000m\000\040\000U\000I}{section.3.4}% 41
\BOOKMARK [2][-]{subsection.3.4.2}{\376\377\000E\000x\000e\000c\000u\000t\000i\000o\000n\000\040\000T\000i\000m\000e\000\040\000P\000r\000o\000f\000i\000l\000i\000n\000g\000\040\000M\000e\000t\000h\000o\000d\000o\000l\000o\000g\000y}{section.3.4}% 42
\BOOKMARK [2][-]{subsection.3.4.3}{\376\377\000E\000m\000p\000i\000r\000i\000c\000a\000l\000\040\000V\000a\000l\000i\000d\000a\000t\000i\000o\000n\000\040\000O\000f\000\040\000T\000h\000e\000\040\000E\000v\000o\000l\000u\000t\000i\000o\000n\000a\000r\000y\000\040\000H\000e\000u\000r\000i\000s\000t\000i\000c\000\040\000O\000p\000t\000i\000m\000i\000z\000a\000t\000i\000o\000n}{section.3.4}% 43
\BOOKMARK [0][-]{chapter.4}{\376\377\000R\000e\000s\000u\000l\000t\000s\000,\000\040\000E\000v\000a\000l\000u\000a\000t\000i\000o\000n\000\040\000a\000n\000d\000\040\000D\000i\000s\000c\000u\000s\000s\000i\000o\000n}{}% 44
\BOOKMARK [1][-]{section.4.1}{\376\377\000E\000n\000g\000i\000n\000e\000\040\000P\000e\000r\000f\000o\000r\000m\000a\000n\000c\000e\000\040\000E\000v\000a\000l\000u\000a\000t\000i\000o\000n}{chapter.4}% 45
\BOOKMARK [2][-]{subsection.4.1.1}{\376\377\000L\000e\000g\000a\000c\000y\000\040\000P\000y\000t\000h\000o\000n\000\040\000t\000o\000\040\000C\000/\000C\000y\000t\000h\000o\000n\000\040\000M\000i\000g\000r\000a\000t\000i\000o\000n}{section.4.1}% 46
\BOOKMARK [2][-]{subsection.4.1.2}{\376\377\000L\000e\000g\000a\000c\000y\000\040\000E\000n\000g\000i\000n\000e\000\040\000S\000c\000a\000l\000i\000n\000g\000\040\000F\000a\000i\000l\000u\000r\000e\000\040\000a\000t\000\040\000D\000e\000p\000t\000h\000\040\0003}{section.4.1}% 47
\BOOKMARK [2][-]{subsection.4.1.3}{\376\377\000D\000i\000s\000c\000u\000s\000s\000i\000o\000n}{section.4.1}% 48
\BOOKMARK [1][-]{section.4.2}{\376\377\000F\000i\000n\000a\000l\000\040\000A\000I\000\040\000S\000e\000a\000r\000c\000h\000\040\000P\000e\000r\000f\000o\000r\000m\000a\000n\000c\000e}{chapter.4}% 49
\BOOKMARK [2][-]{subsection.4.2.1}{\376\377\000M\000i\000n\000i\000m\000a\000x\000\040\000E\000n\000h\000a\000n\000c\000e\000m\000e\000n\000t\000s\000\040\000E\000f\000f\000e\000c\000t\000i\000v\000e\000n\000e\000s\000s}{section.4.2}% 50
\BOOKMARK [2][-]{subsection.4.2.2}{\376\377\000T\000r\000a\000n\000s\000p\000o\000s\000i\000t\000i\000o\000n\000\040\000T\000a\000b\000l\000e\000\040\000H\000i\000t\000-\000R\000a\000t\000e\000\040\000A\000n\000a\000l\000y\000s\000i\000s}{section.4.2}% 51
\BOOKMARK [2][-]{subsection.4.2.3}{\376\377\000C\000o\000m\000b\000i\000n\000e\000d\000\040\000O\000p\000t\000i\000m\000i\000s\000a\000t\000i\000o\000n\000:\000\040\000F\000i\000n\000a\000l\000\040\000E\000n\000g\000i\000n\000e\000\040\000T\000h\000r\000o\000u\000g\000h\000p\000u\000t}{section.4.2}% 52
\BOOKMARK [2][-]{subsection.4.2.4}{\376\377\000D\000i\000s\000c\000u\000s\000s\000i\000o\000n}{section.4.2}% 53
\BOOKMARK [1][-]{section.4.3}{\376\377\000G\000e\000n\000e\000t\000i\000c\000\040\000A\000l\000g\000o\000r\000i\000t\000h\000m\000\040\000O\000p\000t\000i\000m\000i\000s\000a\000t\000i\000o\000n\000\040\000R\000e\000s\000u\000l\000t\000s}{chapter.4}% 54
\BOOKMARK [2][-]{subsection.4.3.1}{\376\377\000G\000e\000n\000e\000r\000a\000t\000i\000o\000n\000a\000l\000\040\000I\000m\000p\000r\000o\000v\000e\000m\000e\000n\000t\000\040\000S\000i\000g\000n\000a\000l}{section.4.3}% 55
\BOOKMARK [2][-]{subsection.4.3.2}{\376\377\000O\000v\000e\000r\000a\000l\000l\000\040\000S\000o\000l\000u\000t\000i\000o\000n\000\040\000Q\000u\000a\000l\000i\000t\000y}{section.4.3}% 56
\BOOKMARK [1][-]{section.4.4}{\376\377\000E\000v\000a\000l\000u\000a\000t\000i\000o\000n\000\040\000S\000u\000m\000m\000a\000r\000y}{chapter.4}% 57
\BOOKMARK [0][-]{section*.37}{\376\377\000A\000p\000p\000e\000n\000d\000i\000c\000e\000s}{}% 58
\BOOKMARK [0][-]{chapter.1.A}{\376\377\000S\000e\000l\000f\000-\000a\000p\000p\000r\000a\000i\000s\000a\000l}{}% 59
\BOOKMARK [1][-]{section.1.A.1}{\376\377\000C\000r\000i\000t\000i\000c\000a\000l\000\040\000s\000e\000l\000f\000-\000e\000v\000a\000l\000u\000a\000t\000i\000o\000n}{chapter.1.A}% 60
\BOOKMARK [2][-]{subsection.1.A.1.1}{\376\377\000P\000r\000o\000j\000e\000c\000t\000\040\000S\000c\000o\000p\000e\000\040\000a\000n\000d\000\040\000T\000i\000m\000e\000\040\000M\000a\000n\000a\000g\000e\000m\000e\000n\000t}{section.1.A.1}% 61
\BOOKMARK [1][-]{section.1.A.2}{\376\377\000P\000e\000r\000s\000o\000n\000a\000l\000\040\000r\000e\000f\000l\000e\000c\000t\000i\000o\000n\000\040\000a\000n\000d\000\040\000l\000e\000s\000s\000o\000n\000s\000\040\000l\000e\000a\000r\000n\000e\000d}{chapter.1.A}% 62
\BOOKMARK [2][-]{subsection.1.A.2.1}{\376\377\000L\000e\000s\000s\000o\000n\000s\000\040\000L\000e\000a\000r\000n\000e\000d\000\040\000i\000n\000\040\000C\000r\000o\000s\000s\000-\000L\000a\000n\000g\000u\000a\000g\000e\000\040\000I\000n\000t\000e\000g\000r\000a\000t\000i\000o\000n}{section.1.A.2}% 63
\BOOKMARK [1][-]{section.1.A.3}{\376\377\000L\000e\000g\000a\000l\000,\000\040\000s\000o\000c\000i\000a\000l\000,\000\040\000e\000t\000h\000i\000c\000a\000l\000\040\000a\000n\000d\000\040\000p\000r\000o\000f\000e\000s\000s\000i\000o\000n\000a\000l\000\040\000i\000s\000s\000u\000e\000s}{chapter.1.A}% 64
\BOOKMARK [2][-]{subsection.1.A.3.1}{\376\377\000L\000e\000g\000a\000l\000\040\000i\000s\000s\000u\000e\000s}{section.1.A.3}% 65
\BOOKMARK [2][-]{subsection.1.A.3.2}{\376\377\000S\000o\000c\000i\000a\000l\000\040\000i\000s\000s\000u\000e\000s}{section.1.A.3}% 66
\BOOKMARK [2][-]{subsection.1.A.3.3}{\376\377\000E\000t\000h\000i\000c\000a\000l\000\040\000i\000s\000s\000u\000e\000s}{section.1.A.3}% 67
\BOOKMARK [2][-]{subsection.1.A.3.4}{\376\377\000D\000i\000g\000i\000t\000a\000l\000\040\000G\000a\000m\000e\000\040\000A\000d\000d\000i\000c\000t\000i\000o\000n\000\040\000a\000n\000d\000\040\000G\000a\000m\000b\000l\000i\000n\000g\000\040\000C\000o\000n\000s\000i\000d\000e\000r\000a\000t\000i\000o\000n\000s}{section.1.A.3}% 68
\BOOKMARK [2][-]{subsection.1.A.3.5}{\376\377\000P\000r\000o\000f\000e\000s\000s\000i\000o\000n\000a\000l\000\040\000i\000s\000s\000u\000e\000s}{section.1.A.3}% 69
\BOOKMARK [0][-]{chapter.1.B}{\376\377\000E\000x\000t\000e\000r\000n\000a\000l\000\040\000M\000a\000t\000e\000r\000i\000a\000l}{}% 70
\BOOKMARK [0][-]{chapter.1.C}{\376\377\000T\000i\000l\000e\000\040\000M\000o\000v\000e\000m\000e\000n\000t\000\040\000L\000e\000g\000a\000l\000i\000t\000y\000\040\000R\000u\000l\000e}{}% 71
\BOOKMARK [0][-]{chapter.1.D}{\376\377\000N\000o\000n\000a\000g\000a\000'\000s\000\040\000B\000r\000a\000n\000c\000h\000i\000n\000g\000\040\000F\000a\000c\000t\000o\000r\000\040\000C\000a\000l\000c\000u\000l\000a\000t\000i\000o\000n}{}% 72
\BOOKMARK [0][-]{chapter.1.E}{\376\377\000B\000r\000u\000t\000e\000-\000F\000o\000r\000c\000e\000\040\000F\000e\000a\000s\000i\000b\000i\000l\000i\000t\000y\000\040\000A\000n\000a\000l\000y\000s\000i\000s}{}% 73
\BOOKMARK [0][-]{chapter.1.F}{\376\377\000B\000e\000n\000c\000h\000m\000a\000r\000k\000\040\000I\000m\000p\000l\000e\000m\000e\000n\000t\000a\000t\000i\000o\000n}{}% 74
\BOOKMARK [1][-]{section.1.F.1}{\376\377\000B\000e\000n\000c\000h\000m\000a\000r\000k\000i\000n\000g\000\040\000H\000a\000r\000n\000e\000s\000s\000e\000s\000\040\000V\000a\000r\000i\000a\000t\000i\000o\000n\000s}{chapter.1.F}% 75
